C51 COMPILER V9.57.0.0   MAIN                                                              06/15/2025 11:20:41 PAGE 1   


C51 COMPILER V9.57.0.0, COMPILATION OF MODULE MAIN
OBJECT MODULE PLACED IN .\Objects\main.obj
COMPILER INVOKED BY: D:\keil 5 project\C51\BIN\C51.EXE main.c OPTIMIZE(8,SPEED) BROWSE DEBUG OBJECTEXTEND PRINT(.\Listin
                    -gs\main.lst) OBJECT(.\Objects\main.obj)

line level    source

   1          #include <REGX52.H>
   2          #include <TIMER_0.H>
   3          #include <LCD.H>
   4          #include <key.H>
   5          unsigned char count,compare;
   6          unsigned char number=0;
   7          unsigned char keynumber=0;
   8          
   9          void main()
  10          {
  11   1              TIMER_0_INIT();
  12   1              while(1)
  13   1              {
  14   2                      keynumber=key();
  15   2                      if(keynumber)
  16   2                      {
  17   3                              number++;
  18   3                              number%=4;
  19   3                      }
  20   2                      LCD(1,number);
  21   2                      if(number==0)
  22   2                              compare=0;
  23   2                      if(number==1)
  24   2                              compare=50;
  25   2                      if(number==2)
  26   2                              compare=75;
  27   2                      if(number==3)
  28   2                              compare=100;
  29   2              }
  30   1      }
  31          
  32          void TIMER_0_ISR()   interrupt 1
  33          {
  34   1              TL0 = 0x9C;             
  35   1              TH0 = 0xFF;     
  36   1              count++;
  37   1              count%=100;
  38   1              if(count<compare)
  39   1                      P1_0=1;
  40   1              else
  41   1                      P1_0=0;
  42   1              
  43   1      }       


MODULE INFORMATION:   STATIC OVERLAYABLE
   CODE SIZE        =     99    ----
   CONSTANT SIZE    =   ----    ----
   XDATA SIZE       =   ----    ----
   PDATA SIZE       =   ----    ----
   DATA SIZE        =      4    ----
   IDATA SIZE       =   ----    ----
   BIT SIZE         =   ----    ----
END OF MODULE INFORMATION.

C51 COMPILER V9.57.0.0   MAIN                                                              06/15/2025 11:20:41 PAGE 2   


C51 COMPILATION COMPLETE.  0 WARNING(S),  0 ERROR(S)
